------------------------------------------------------------
Timing Analyzer Summary
------------------------------------------------------------

Type  : Slow 1200mV 85C Model Setup 'clk'
Slack : -2.906
TNS   : -79.059

Type  : Slow 1200mV 85C Model Setup 'clk_o'
Slack : -0.247
TNS   : -0.970

Type  : Slow 1200mV 85C Model Hold 'clk'
Slack : 0.443
TNS   : 0.000

Type  : Slow 1200mV 85C Model Hold 'clk_o'
Slack : 0.449
TNS   : 0.000

Type  : Slow 1200mV 85C Model Minimum Pulse Width 'clk'
Slack : -3.000
TNS   : -47.975

Type  : Slow 1200mV 85C Model Minimum Pulse Width 'clk_o'
Slack : -1.285
TNS   : -12.850

Type  : Slow 1200mV 0C Model Setup 'clk'
Slack : -2.617
TNS   : -70.601

Type  : Slow 1200mV 0C Model Setup 'clk_o'
Slack : -0.123
TNS   : -0.242

Type  : Slow 1200mV 0C Model Hold 'clk'
Slack : 0.401
TNS   : 0.000

Type  : Slow 1200mV 0C Model Hold 'clk_o'
Slack : 0.406
TNS   : 0.000

Type  : Slow 1200mV 0C Model Minimum Pulse Width 'clk'
Slack : -3.000
TNS   : -47.975

Type  : Slow 1200mV 0C Model Minimum Pulse Width 'clk_o'
Slack : -1.285
TNS   : -12.850

Type  : Fast 1200mV 0C Model Setup 'clk'
Slack : -0.874
TNS   : -22.014

Type  : Fast 1200mV 0C Model Setup 'clk_o'
Slack : 0.388
TNS   : 0.000

Type  : Fast 1200mV 0C Model Hold 'clk'
Slack : 0.201
TNS   : 0.000

Type  : Fast 1200mV 0C Model Hold 'clk_o'
Slack : 0.204
TNS   : 0.000

Type  : Fast 1200mV 0C Model Minimum Pulse Width 'clk'
Slack : -3.000
TNS   : -40.253

Type  : Fast 1200mV 0C Model Minimum Pulse Width 'clk_o'
Slack : -1.000
TNS   : -10.000

------------------------------------------------------------
